$ nju-connect --help
exit: 0
--- stdout
usage: nju-connect [command] [flags]

With no command, nju-connect runs connect.

commands:
  setup      configure backend, account, and long-lived password
  account    show or change the saved account, password and aTrust session
  configure  switch non-secret backend and listener settings
  backends   print non-secret backend metadata and capabilities
  auth-info  discover public aTrust authentication methods without logging in
  migrate    import pre-release worktree configuration and credential state
  connect    authenticate and run the native userspace VPN core (default)
  disconnect stop the active native userspace VPN core
  logout     clear saved aTrust session and OAuth browser state
  dry-run    authenticate and validate gateway handoff without starting dataplane
  status     print sanitized runtime status
  speedtest  measure the NJU campus IPv4 path
  doctor     inspect the local nju-connect configuration
  version    print build identity

Run "nju-connect <command> -h" for command flags.
--- stderr
