$ soundconnect dry-run
exit: 0
--- stdout
authentication: accepted
session: retained_in_memory
initialization: gateway_bootstrap_available
resources: web=0 tcp=0 l3vpn=1 unknown=0
services: tcp_required=false l3vpn_required=true local_agent_required=true
policies: internal_dns=false dedicated_line=false security_check=false
handoff: mode=l3vpn ready=true
dataplane: not_started
--- stderr
