$ soundconnect connect --background
exit: 1
--- stdout
--- stderr
gateway rejected the username or password (gateway code 0)
gateway rejected the username or password (gateway code 0)
credential_rejected: gateway rejected the username or password (gateway code 0); run "soundconnect account set-password"
